{
    "sarscov2 - bam - stub": {
        "content": [
            {
                "0": [
                    [
                        {
                            "id": "test",
                            "single_end": false
                        },
                        "test.paired_end.sorted.fastq:md5,d41d8cd98f00b204e9800998ecf8427e"
                    ]
                ],
                "1": [
                    "versions.yml:md5,c6d0c33f46288fdd317687e34c402c13"
                ],
                "reads": [
                    [
                        {
                            "id": "test",
                            "single_end": false
                        },
                        "test.paired_end.sorted.fastq:md5,d41d8cd98f00b204e9800998ecf8427e"
                    ]
                ],
                "versions": [
                    "versions.yml:md5,c6d0c33f46288fdd317687e34c402c13"
                ]
            }
        ],
        "meta": {
            "nf-test": "0.9.1",
            "nextflow": "24.10.0"
        },
        "timestamp": "2024-10-29T23:32:33.381782254"
    },
    "sarscov2 - bam": {
        "content": [
            {
                "0": [
                    
                ],
                "1": [
                    
                ],
                "reads": [
                    
                ],
                "versions": [
                    
                ]
            }
        ],
        "meta": {
            "nf-test": "0.9.1",
            "nextflow": "24.10.0"
        },
        "timestamp": "2024-10-29T23:32:21.392400058"
    }
}